MPLINK 4.48, Linker
Linker Map File - Created Fri Nov 04 16:49:20 2022

                                 Section Info
                  Section       Type    Address   Location Size(Bytes)
                ---------  ---------  ---------  ---------  ---------
                   .org_0       code   0x000000    program   0x0000c4
                   .cinit    romdata   0x000062    program   0x000004
 .config_2007_PROYECTO1.O       code   0x002007    program   0x000002



                              Program Memory Usage 
                               Start         End      
                           ---------   ---------      
                            0x000000    0x000063      
                            0x002007    0x002007      
            101 out of 2182 program addresses used, program memory utilization is 4%



                              Symbols - Sorted by Name
                     Name    Address   Location    Storage File                     
                ---------  ---------  ---------  --------- ---------                
           CALIENTOELAGUA   0x000018    program     static C:\Users\alejo\Desktop\Universidad\arq.computadoras\MPLAB progama\TrabajoPractico\Ejercicio1\proyecto1.asm
       CONFIGURAR_PUERTOS   0x000011    program     static C:\Users\alejo\Desktop\Universidad\arq.computadoras\MPLAB progama\TrabajoPractico\Ejercicio1\proyecto1.asm
   DISMINUIR_POR_CARNILLA   0x000034    program     static C:\Users\alejo\Desktop\Universidad\arq.computadoras\MPLAB progama\TrabajoPractico\Ejercicio1\proyecto1.asm
           DISMINUIR_TEMP   0x000026    program     static C:\Users\alejo\Desktop\Universidad\arq.computadoras\MPLAB progama\TrabajoPractico\Ejercicio1\proyecto1.asm
          DISMINUIR_TEMP1   0x00002c    program     static C:\Users\alejo\Desktop\Universidad\arq.computadoras\MPLAB progama\TrabajoPractico\Ejercicio1\proyecto1.asm
         INCREMENTAR_TEMP   0x00001f    program     static C:\Users\alejo\Desktop\Universidad\arq.computadoras\MPLAB progama\TrabajoPractico\Ejercicio1\proyecto1.asm
                   INICIO   0x000000    program     static C:\Users\alejo\Desktop\Universidad\arq.computadoras\MPLAB progama\TrabajoPractico\Ejercicio1\proyecto1.asm
             LED_AMARILLO   0x00003e    program     static C:\Users\alejo\Desktop\Universidad\arq.computadoras\MPLAB progama\TrabajoPractico\Ejercicio1\proyecto1.asm
                 LED_AZUL   0x000037    program     static C:\Users\alejo\Desktop\Universidad\arq.computadoras\MPLAB progama\TrabajoPractico\Ejercicio1\proyecto1.asm
                 LED_ROJO   0x000044    program     static C:\Users\alejo\Desktop\Universidad\arq.computadoras\MPLAB progama\TrabajoPractico\Ejercicio1\proyecto1.asm
                LED_VERDE   0x000049    program     static C:\Users\alejo\Desktop\Universidad\arq.computadoras\MPLAB progama\TrabajoPractico\Ejercicio1\proyecto1.asm
              RETARDOAUX1   0x000052    program     static C:\Users\alejo\Desktop\Universidad\arq.computadoras\MPLAB progama\TrabajoPractico\Ejercicio1\proyecto1.asm
              RETARDOAUX2   0x000058    program     static C:\Users\alejo\Desktop\Universidad\arq.computadoras\MPLAB progama\TrabajoPractico\Ejercicio1\proyecto1.asm
              RETARDOAUX3   0x00005e    program     static C:\Users\alejo\Desktop\Universidad\arq.computadoras\MPLAB progama\TrabajoPractico\Ejercicio1\proyecto1.asm
            RETARDO_DE1MS   0x000050    program     static C:\Users\alejo\Desktop\Universidad\arq.computadoras\MPLAB progama\TrabajoPractico\Ejercicio1\proyecto1.asm
             RETARDO_DE1S   0x00005c    program     static C:\Users\alejo\Desktop\Universidad\arq.computadoras\MPLAB progama\TrabajoPractico\Ejercicio1\proyecto1.asm
          RETARDO_DE250MS   0x000056    program     static C:\Users\alejo\Desktop\Universidad\arq.computadoras\MPLAB progama\TrabajoPractico\Ejercicio1\proyecto1.asm



                              Symbols - Sorted by Address
                     Name    Address   Location    Storage File                     
                ---------  ---------  ---------  --------- ---------                
                   INICIO   0x000000    program     static C:\Users\alejo\Desktop\Universidad\arq.computadoras\MPLAB progama\TrabajoPractico\Ejercicio1\proyecto1.asm
       CONFIGURAR_PUERTOS   0x000011    program     static C:\Users\alejo\Desktop\Universidad\arq.computadoras\MPLAB progama\TrabajoPractico\Ejercicio1\proyecto1.asm
           CALIENTOELAGUA   0x000018    program     static C:\Users\alejo\Desktop\Universidad\arq.computadoras\MPLAB progama\TrabajoPractico\Ejercicio1\proyecto1.asm
         INCREMENTAR_TEMP   0x00001f    program     static C:\Users\alejo\Desktop\Universidad\arq.computadoras\MPLAB progama\TrabajoPractico\Ejercicio1\proyecto1.asm
           DISMINUIR_TEMP   0x000026    program     static C:\Users\alejo\Desktop\Universidad\arq.computadoras\MPLAB progama\TrabajoPractico\Ejercicio1\proyecto1.asm
          DISMINUIR_TEMP1   0x00002c    program     static C:\Users\alejo\Desktop\Universidad\arq.computadoras\MPLAB progama\TrabajoPractico\Ejercicio1\proyecto1.asm
   DISMINUIR_POR_CARNILLA   0x000034    program     static C:\Users\alejo\Desktop\Universidad\arq.computadoras\MPLAB progama\TrabajoPractico\Ejercicio1\proyecto1.asm
                 LED_AZUL   0x000037    program     static C:\Users\alejo\Desktop\Universidad\arq.computadoras\MPLAB progama\TrabajoPractico\Ejercicio1\proyecto1.asm
             LED_AMARILLO   0x00003e    program     static C:\Users\alejo\Desktop\Universidad\arq.computadoras\MPLAB progama\TrabajoPractico\Ejercicio1\proyecto1.asm
                 LED_ROJO   0x000044    program     static C:\Users\alejo\Desktop\Universidad\arq.computadoras\MPLAB progama\TrabajoPractico\Ejercicio1\proyecto1.asm
                LED_VERDE   0x000049    program     static C:\Users\alejo\Desktop\Universidad\arq.computadoras\MPLAB progama\TrabajoPractico\Ejercicio1\proyecto1.asm
            RETARDO_DE1MS   0x000050    program     static C:\Users\alejo\Desktop\Universidad\arq.computadoras\MPLAB progama\TrabajoPractico\Ejercicio1\proyecto1.asm
              RETARDOAUX1   0x000052    program     static C:\Users\alejo\Desktop\Universidad\arq.computadoras\MPLAB progama\TrabajoPractico\Ejercicio1\proyecto1.asm
          RETARDO_DE250MS   0x000056    program     static C:\Users\alejo\Desktop\Universidad\arq.computadoras\MPLAB progama\TrabajoPractico\Ejercicio1\proyecto1.asm
              RETARDOAUX2   0x000058    program     static C:\Users\alejo\Desktop\Universidad\arq.computadoras\MPLAB progama\TrabajoPractico\Ejercicio1\proyecto1.asm
             RETARDO_DE1S   0x00005c    program     static C:\Users\alejo\Desktop\Universidad\arq.computadoras\MPLAB progama\TrabajoPractico\Ejercicio1\proyecto1.asm
              RETARDOAUX3   0x00005e    program     static C:\Users\alejo\Desktop\Universidad\arq.computadoras\MPLAB progama\TrabajoPractico\Ejercicio1\proyecto1.asm


